May 10 07:29:30 kali systemd[4023]: Listening on gpg-agent.socket - GnuPG cryptographic agent and passphrase cache.
May 10 07:29:30 kali systemd[4023]: Listening on ssh-agent.socket - OpenSSH Agent socket.
May 10 07:29:30 kali systemd[4023]: Starting gcr-ssh-agent.socket - GCR ssh-agent wrapper...
May 10 07:29:30 kali systemd[4023]: Listening on dbus.socket - D-Bus User Message Bus Socket.
May 10 07:29:30 kali systemd[4023]: Listening on gcr-ssh-agent.socket - GCR ssh-agent wrapper.
May 10 07:29:30 kali systemd[4023]: Starting gpg-agent-ssh.socket - GnuPG cryptographic agent (ssh-agent emulation)...
May 10 07:29:30 kali systemd[4023]: Listening on gpg-agent-ssh.socket - GnuPG cryptographic agent (ssh-agent emulation).
May 10 07:29:30 kali systemd[4023]: Reached target sockets.target - Sockets.
May 10 07:29:30 kali systemd[4023]: Reached target basic.target - Basic System.
May 10 07:29:30 kali systemd[1]: Started user@0.service - User Manager for UID 0.
May 10 07:29:30 kali systemd[4023]: Starting dbus.service - D-Bus User Message Bus...
May 10 07:29:30 kali systemd[4023]: Started pipewire.service - PipeWire Multimedia Service.
May 10 07:29:30 kali systemd[1]: Started session-c2.scope - Session c2 of User root.
May 10 07:29:30 kali dbus-daemon[4052]: [session uid=0 pid=4052 pidfd=5] AppArmor D-Bus mediation is enabled
May 10 07:29:30 kali systemd[4023]: Started dbus.service - D-Bus User Message Bus.
May 10 07:29:30 kali systemd[4023]: mpris-proxy.service - Bluetooth mpris proxy skipped, unmet condition check ConditionUser=!@system
May 10 07:29:30 kali systemd[4023]: Started wireplumber.service - Multimedia Service Session Manager.
May 10 07:29:30 kali systemd[4023]: Started filter-chain.service - PipeWire filter chain daemon.
May 10 07:29:30 kali systemd[4023]: Started pipewire-pulse.service - PipeWire PulseAudio.
May 10 07:29:30 kali systemd[4023]: Reached target default.target - Main User Target.
May 10 07:29:30 kali systemd[4023]: Startup finished in 292ms.
May 10 07:29:30 kali wireplumber[4055]: wp-device: SPA handle 'api.libcamera.enum.manager' could not be loaded; is it installed?
May 10 07:29:30 kali wireplumber[4055]: s-monitors-libcamera: PipeWire's libcamera SPA plugin is missing or broken. Some camera types may not be supported.
May 10 07:29:31 kali dbus-daemon[4052]: [session uid=0 pid=4052 pidfd=5] Activating via systemd: service name='org.freedesktop.impl.portal.PermissionStore' unit='xdg-permission-store.service' requested by ':1.4' (uid=0 pid=4055 comm="/usr/bin/wireplumber" label="unconfined")
May 10 07:29:31 kali systemd[4023]: Starting xdg-permission-store.service - sandboxed app permission store...
May 10 07:29:31 kali dbus-daemon[4052]: [session uid=0 pid=4052 pidfd=5] Successfully activated service 'org.freedesktop.impl.portal.PermissionStore'
May 10 07:29:31 kali systemd[4023]: Started xdg-permission-store.service - sandboxed app permission store.
May 10 07:29:38 kali geoclue[1173]: Service not used for 60 seconds. Shutting down..
May 10 07:29:38 kali systemd[1]: geoclue.service: Deactivated successfully.
May 10 07:29:38 kali realmd[1299]: quitting realmd service after timeout
May 10 07:29:38 kali realmd[1299]: stopping service
May 10 07:29:38 kali systemd[1]: realmd.service: Deactivated successfully.
May 10 07:29:46 kali systemd[1]: systemd-timedated.service: Deactivated successfully.
May 10 07:30:11 kali systemd[1670]: Started app-gnome-gnome\x2dwifi\x2dpanel-4975.scope - Application launched by gnome-shell.
May 10 07:30:12 kali NetworkManager[677]: <info>  [1778412612.9732] policy: auto-activating connection 'hy376’s iPhone' (093e9ebf-86a5-46d4-85ec-2a438bbb70db)
May 10 07:30:12 kali NetworkManager[677]: <info>  [1778412612.9964] device (wlan0): Activation: starting connection 'hy376’s iPhone' (093e9ebf-86a5-46d4-85ec-2a438bbb70db)
May 10 07:30:12 kali NetworkManager[677]: <info>  [1778412612.9966] device (wlan0): state change: disconnected -> prepare (reason 'none', managed-type: 'full')
May 10 07:30:12 kali NetworkManager[677]: <info>  [1778412612.9970] manager: NetworkManager state is now CONNECTING
May 10 07:30:13 kali NetworkManager[677]: <info>  [1778412613.0198] device (wlan0): set-hw-addr: reset MAC address to 7C:70:DB:80:23:16 (preserve)
May 10 07:30:13 kali NetworkManager[677]: <info>  [1778412613.0224] device (wlan0): state change: prepare -> config (reason 'none', managed-type: 'full')
May 10 07:30:13 kali NetworkManager[677]: <info>  [1778412613.0231] device (wlan0): Activation: (wifi) access point 'hy376’s iPhone' has security, but secrets are required.
May 10 07:30:13 kali NetworkManager[677]: <info>  [1778412613.0232] device (wlan0): state change: config -> need-auth (reason 'none', managed-type: 'full')
May 10 07:30:13 kali NetworkManager[677]: <info>  [1778412613.0239] device (wlan0): state change: need-auth -> prepare (reason 'none', managed-type: 'full')
May 10 07:30:13 kali NetworkManager[677]: <info>  [1778412613.0241] device (wlan0): state change: prepare -> config (reason 'none', managed-type: 'full')
May 10 07:30:13 kali NetworkManager[677]: <info>  [1778412613.0242] device (wlan0): Activation: (wifi) connection 'hy376’s iPhone' has security, and secrets exist.  No new secrets needed.
May 10 07:30:13 kali NetworkManager[677]: <info>  [1778412613.0243] Config: added 'ssid' value 'hy376’s iPhone'
May 10 07:30:13 kali NetworkManager[677]: <info>  [1778412613.0243] Config: added 'scan_ssid' value '1'
May 10 07:30:13 kali NetworkManager[677]: <info>  [1778412613.0243] Config: added 'bgscan' value 'simple:30:-65:300'
May 10 07:30:13 kali NetworkManager[677]: <info>  [1778412613.0243] Config: added 'key_mgmt' value 'WPA-PSK WPA-PSK-SHA256 FT-PSK SAE FT-SAE'
May 10 07:30:13 kali NetworkManager[677]: <info>  [1778412613.0243] Config: added 'auth_alg' value 'OPEN'
May 10 07:30:13 kali NetworkManager[677]: <info>  [1778412613.0243] Config: added 'psk' value '<hidden>'
May 10 07:30:13 kali NetworkManager[677]: <info>  [1778412613.0417] device (wlan0): supplicant interface state: disconnected -> inactive
May 10 07:30:13 kali NetworkManager[677]: <info>  [1778412613.0418] device (p2p-dev-wlan0): supplicant management interface state: disconnected -> inactive
May 10 07:30:13 kali wpa_supplicant[743]: wlan0: SME: Trying to authenticate with 0e:b4:60:14:43:e3 (SSID='hy376\xe2\x80\x99s iPhone' freq=5745 MHz)
May 10 07:30:13 kali NetworkManager[677]: <info>  [1778412613.0524] device (wlan0): supplicant interface state: inactive -> authenticating
May 10 07:30:13 kali NetworkManager[677]: <info>  [1778412613.0524] device (p2p-dev-wlan0): supplicant management interface state: inactive -> authenticating
May 10 07:30:13 kali kernel: wlan0: authenticate with 0e:b4:60:14:43:e3 (local address=7c:70:db:80:23:16)
May 10 07:30:13 kali kernel: wlan0: send auth to 0e:b4:60:14:43:e3 (try 1/3)
May 10 07:30:13 kali wpa_supplicant[743]: wlan0: SME: Trying to authenticate with 0e:b4:60:14:43:e3 (SSID='hy376\xe2\x80\x99s iPhone' freq=5745 MHz)
May 10 07:30:13 kali wpa_supplicant[743]: wlan0: PMKSA-CACHE-ADDED 0e:b4:60:14:43:e3 0
May 10 07:30:13 kali wpa_supplicant[743]: wlan0: Trying to associate with 0e:b4:60:14:43:e3 (SSID='hy376\xe2\x80\x99s iPhone' freq=5745 MHz)
May 10 07:30:13 kali kernel: wlan0: authenticate with 0e:b4:60:14:43:e3 (local address=7c:70:db:80:23:16)
May 10 07:30:13 kali kernel: wlan0: send auth to 0e:b4:60:14:43:e3 (try 1/3)
May 10 07:30:13 kali kernel: wlan0: authenticated
May 10 07:30:13 kali NetworkManager[677]: <info>  [1778412613.1380] device (wlan0): supplicant interface state: authenticating -> associating
May 10 07:30:13 kali NetworkManager[677]: <info>  [1778412613.1381] device (p2p-dev-wlan0): supplicant management interface state: authenticating -> associating
May 10 07:30:13 kali kernel: wlan0: associate with 0e:b4:60:14:43:e3 (try 1/3)
May 10 07:30:13 kali kernel: wlan0: RX AssocResp from 0e:b4:60:14:43:e3 (capab=0x11 status=0 aid=1)
May 10 07:30:13 kali wpa_supplicant[743]: wlan0: Associated with 0e:b4:60:14:43:e3
May 10 07:30:13 kali wpa_supplicant[743]: wlan0: CTRL-EVENT-SUBNET-STATUS-UPDATE status=0
May 10 07:30:13 kali kernel: wlan0: associated
May 10 07:30:13 kali NetworkManager[677]: <info>  [1778412613.1625] device (wlan0): supplicant interface state: associating -> associated
May 10 07:30:13 kali NetworkManager[677]: <info>  [1778412613.1626] device (p2p-dev-wlan0): supplicant management interface state: associating -> associated
May 10 07:30:13 kali NetworkManager[677]: <info>  [1778412613.1751] device (wlan0): supplicant interface state: associated -> 4way_handshake
May 10 07:30:13 kali NetworkManager[677]: <info>  [1778412613.1752] device (p2p-dev-wlan0): supplicant management interface state: associated -> 4way_handshake
May 10 07:30:13 kali wpa_supplicant[743]: wlan0: WPA: Key negotiation completed with 0e:b4:60:14:43:e3 [PTK=CCMP GTK=CCMP]
May 10 07:30:13 kali wpa_supplicant[743]: wlan0: CTRL-EVENT-CONNECTED - Connection to 0e:b4:60:14:43:e3 completed [id=0 id_str=]
May 10 07:30:13 kali NetworkManager[677]: <info>  [1778412613.2583] device (wlan0): supplicant interface state: 4way_handshake -> completed
May 10 07:30:13 kali NetworkManager[677]: <info>  [1778412613.2584] device (wlan0): Activation: (wifi) Stage 2 of 5 (Device Configure) successful. Connected to wireless network "hy376’s iPhone"
May 10 07:30:13 kali NetworkManager[677]: <info>  [1778412613.2584] device (p2p-dev-wlan0): supplicant management interface state: 4way_handshake -> completed
May 10 07:30:13 kali NetworkManager[677]: <info>  [1778412613.2586] device (wlan0): state change: config -> ip-config (reason 'none', managed-type: 'full')
May 10 07:30:13 kali NetworkManager[677]: <info>  [1778412613.2597] dhcp4 (wlan0): activation: beginning transaction (timeout in 45 seconds)
May 10 07:30:13 kali kernel: wlan0: Limiting TX power to 23 (23 - 0) dBm as advertised by 0e:b4:60:14:43:e3
May 10 07:30:13 kali NetworkManager[677]: <info>  [1778412613.6327] dhcp4 (wlan0): state changed new lease, address=172.20.10.2, acd pending
May 10 07:30:13 kali NetworkManager[677]: <info>  [1778412613.7779] dhcp4 (wlan0): state changed new lease, address=172.20.10.2
May 10 07:30:13 kali NetworkManager[677]: <info>  [1778412613.7806] policy: set 'hy376’s iPhone' (wlan0) as default for IPv4 routing and DNS
May 10 07:30:13 kali NetworkManager[677]: <info>  [1778412613.9515] device (wlan0): state change: ip-config -> ip-check (reason 'none', managed-type: 'full')
May 10 07:30:13 kali dbus-daemon[623]: [system] Activating via systemd: service name='org.freedesktop.nm_dispatcher' unit='dbus-org.freedesktop.nm-dispatcher.service' requested by ':1.8' (uid=0 pid=677 comm="/usr/sbin/NetworkManager --no-daemon" label="unconfined")
May 10 07:30:13 kali systemd[1]: Starting NetworkManager-dispatcher.service - Network Manager Script Dispatcher Service...
May 10 07:30:13 kali dbus-daemon[623]: [system] Successfully activated service 'org.freedesktop.nm_dispatcher'
May 10 07:30:13 kali systemd[1]: Started NetworkManager-dispatcher.service - Network Manager Script Dispatcher Service.
May 10 07:30:13 kali NetworkManager[677]: <info>  [1778412613.9971] device (wlan0): state change: ip-check -> secondaries (reason 'none', managed-type: 'full')
May 10 07:30:13 kali NetworkManager[677]: <info>  [1778412613.9973] device (wlan0): state change: secondaries -> activated (reason 'none', managed-type: 'full')
May 10 07:30:13 kali NetworkManager[677]: <info>  [1778412613.9981] manager: NetworkManager state is now CONNECTED_SITE
May 10 07:30:13 kali NetworkManager[677]: <info>  [1778412613.9991] device (wlan0): Activation: successful, device activated.
May 10 07:30:14 kali NetworkManager[677]: <info>  [1778412614.0006] manager: NetworkManager state is now CONNECTED_GLOBAL
May 10 07:30:15 kali NetworkManager[677]: <info>  [1778412615.2383] dhcp6 (wlan0): activation: beginning transaction (timeout in 45 seconds)
May 10 07:30:15 kali NetworkManager[677]: <info>  [1778412615.2647] policy: set 'hy376’s iPhone' (wlan0) as default for IPv6 routing and DNS
May 10 07:30:15 kali NetworkManager[677]: <info>  [1778412615.2888] dhcp6 (wlan0): state changed new lease
May 10 07:30:16 kali systemd[1670]: app-gnome-gnome\x2dwifi\x2dpanel-4975.scope: Consumed 1.202s CPU time over 5.254s wall clock time, 153.7M memory peak.
May 10 07:30:24 kali systemd[1]: NetworkManager-dispatcher.service: Deactivated successfully.
May 10 07:30:33 kali systemd-timesyncd[379]: Contacted time server [64:ff9b::2851:5e41]:123 (0.debian.pool.ntp.org).
May 10 07:30:33 kali systemd-timesyncd[379]: Initial clock synchronization to Sun 2026-05-10 07:30:33.108800 EDT.
May 10 07:35:01 kali CRON[8078]: pam_unix(cron:session): session opened for user root(uid=0) by root(uid=0)
May 10 07:35:01 kali CRON[8080]: (root) CMD (command -v debian-sa1 > /dev/null && debian-sa1 1 1)
May 10 07:35:01 kali CRON[8078]: pam_unix(cron:session): session closed for user root
May 10 07:39:01 kali CRON[10062]: pam_unix(cron:session): session opened for user root(uid=0) by root(uid=0)
May 10 07:39:01 kali CRON[10064]: (root) CMD (  [ -x /usr/lib/php/sessionclean ] && if [ ! -d /run/systemd/system ]; then /usr/lib/php/sessionclean; fi)
May 10 07:39:01 kali CRON[10062]: pam_unix(cron:session): session closed for user root
May 10 07:39:01 kali systemd[1]: Starting phpsessionclean.service - Clean php session files...
May 10 07:39:01 kali systemd[1]: phpsessionclean.service: Deactivated successfully.
May 10 07:39:01 kali systemd[1]: Finished phpsessionclean.service - Clean php session files.
May 10 07:43:48 kali systemd[1]: Starting systemd-tmpfiles-clean.service - Cleanup of Temporary Directories...
May 10 07:43:48 kali systemd-tmpfiles[12356]: /usr/lib/tmpfiles.d/elasticsearch.conf:1: Line references path below legacy directory /var/run/, updating /var/run/elasticsearch → /run/elasticsearch; please update the tmpfiles.d/ drop-in file accordingly.
May 10 07:43:48 kali systemd-tmpfiles[12356]: /usr/lib/tmpfiles.d/legacy.conf:14: Duplicate line for path "/run/lock", ignoring.
May 10 07:43:48 kali systemd[1]: systemd-tmpfiles-clean.service: Deactivated successfully.
May 10 07:43:48 kali systemd[1]: Finished systemd-tmpfiles-clean.service - Cleanup of Temporary Directories.
May 10 07:45:01 kali CRON[12811]: pam_unix(cron:session): session opened for user root(uid=0) by root(uid=0)
May 10 07:45:01 kali CRON[12813]: (root) CMD (command -v debian-sa1 > /dev/null && debian-sa1 1 1)
May 10 07:45:01 kali CRON[12811]: pam_unix(cron:session): session closed for user root
May 10 07:50:12 kali systemd[1]: Starting fwupd-refresh.service - Refresh fwupd metadata and update motd...
May 10 07:50:12 kali dbus-daemon[623]: [system] Activating via systemd: service name='org.freedesktop.fwupd' unit='fwupd.service' requested by ':1.144' (uid=977 pid=15552 comm="/usr/bin/fwupdmgr refresh" label="unconfined")
May 10 07:50:12 kali systemd[1]: Starting modprobe@sd_mod.service - Load Kernel Module sd_mod...
May 10 07:50:12 kali systemd[1]: modprobe@sd_mod.service: Deactivated successfully.
May 10 07:50:12 kali systemd[1]: Finished modprobe@sd_mod.service - Load Kernel Module sd_mod.
May 10 07:50:12 kali systemd[1]: Starting fwupd.service - Firmware update daemon...
May 10 07:50:12 kali systemd[1]: run-media-root-SYSTEM.mount: Deactivated successfully.
May 10 07:50:12 kali udisksd[2131]: Cleaning up mount point /run/media/root/SYSTEM (device 259:1 is not mounted)
May 10 07:50:12 kali udisksd[2131]: Cleaning up mount point /run/media/root/SYSTEM (device 259:1 is not mounted)
May 10 07:50:13 kali fwupd[15562]: 11:50:13.267 FuMain               fwupd 2.1.1 ready for requests (locale en_US.UTF-8)
May 10 07:50:13 kali dbus-daemon[623]: [system] Successfully activated service 'org.freedesktop.fwupd'
May 10 07:50:13 kali systemd[1]: Started fwupd.service - Firmware update daemon.
May 10 07:50:13 kali systemd[1]: fwupd-refresh.service: Deactivated successfully.
May 10 07:50:13 kali systemd[1]: Finished fwupd-refresh.service - Refresh fwupd metadata and update motd.
May 10 07:55:01 kali CRON[17827]: pam_unix(cron:session): session opened for user root(uid=0) by root(uid=0)
May 10 07:55:01 kali CRON[17829]: (root) CMD (command -v debian-sa1 > /dev/null && debian-sa1 1 1)
May 10 07:55:01 kali CRON[17827]: pam_unix(cron:session): session closed for user root
May 10 07:57:39 kali systemd[1]: Starting apt-daily-upgrade.service - Daily apt upgrade and clean activities...
May 10 07:57:39 kali systemd[1]: apt-daily-upgrade.service: Deactivated successfully.
May 10 07:57:39 kali systemd[1]: Finished apt-daily-upgrade.service - Daily apt upgrade and clean activities.
May 10 08:00:13 kali NetworkManager[677]: <info>  [1778414413.3960] dhcp4 (wlan0): state changed new lease, address=172.20.10.2
May 10 08:00:13 kali dbus-daemon[623]: [system] Activating via systemd: service name='org.freedesktop.nm_dispatcher' unit='dbus-org.freedesktop.nm-dispatcher.service' requested by ':1.8' (uid=0 pid=677 comm="/usr/sbin/NetworkManager --no-daemon" label="unconfined")
May 10 08:00:13 kali systemd[1]: Starting NetworkManager-dispatcher.service - Network Manager Script Dispatcher Service...
May 10 08:00:13 kali dbus-daemon[623]: [system] Successfully activated service 'org.freedesktop.nm_dispatcher'
May 10 08:00:13 kali systemd[1]: Started NetworkManager-dispatcher.service - Network Manager Script Dispatcher Service.
May 10 08:00:23 kali systemd[1]: NetworkManager-dispatcher.service: Deactivated successfully.
May 10 08:04:52 kali kernel: perf: interrupt took too long (2507 > 2500), lowering kernel.perf_event_max_sample_rate to 79750
May 10 08:05:01 kali CRON[21860]: pam_unix(cron:session): session opened for user root(uid=0) by root(uid=0)
May 10 08:05:01 kali CRON[21862]: (root) CMD (command -v debian-sa1 > /dev/null && debian-sa1 1 1)
May 10 08:05:01 kali CRON[21860]: pam_unix(cron:session): session closed for user root
May 10 08:07:28 kali rtkit-daemon[830]: Successfully made thread 22819 of process 3633 owned by '1000' RT at priority 10.
May 10 08:09:00 kali systemd[1]: Starting phpsessionclean.service - Clean php session files...
May 10 08:09:00 kali systemd[1]: phpsessionclean.service: Deactivated successfully.
May 10 08:09:00 kali systemd[1]: Finished phpsessionclean.service - Clean php session files.
May 10 08:09:01 kali CRON[23579]: pam_unix(cron:session): session opened for user root(uid=0) by root(uid=0)
May 10 08:09:01 kali CRON[23581]: (root) CMD (  [ -x /usr/lib/php/sessionclean ] && if [ ! -d /run/systemd/system ]; then /usr/lib/php/sessionclean; fi)
May 10 08:09:01 kali CRON[23579]: pam_unix(cron:session): session closed for user root
May 10 08:15:01 kali CRON[27051]: pam_unix(cron:session): session opened for user root(uid=0) by root(uid=0)
May 10 08:15:01 kali CRON[27053]: (root) CMD (command -v debian-sa1 > /dev/null && debian-sa1 1 1)
May 10 08:15:01 kali CRON[27051]: pam_unix(cron:session): session closed for user root
May 10 08:16:28 kali systemd[1]: Starting fwupd-refresh.service - Refresh fwupd metadata and update motd...
May 10 08:16:28 kali systemd[1]: fwupd-refresh.service: Deactivated successfully.
May 10 08:16:28 kali systemd[1]: Finished fwupd-refresh.service - Refresh fwupd metadata and update motd.
May 10 08:17:01 kali CRON[27900]: pam_unix(cron:session): session opened for user root(uid=0) by root(uid=0)
May 10 08:17:01 kali CRON[27902]: (root) CMD (cd / && run-parts --report /etc/cron.hourly)
May 10 08:17:01 kali CRON[27900]: pam_unix(cron:session): session closed for user root
May 10 08:17:10 kali kernel: perf: interrupt took too long (3140 > 3133), lowering kernel.perf_event_max_sample_rate to 63500
May 10 08:25:01 kali CRON[31456]: pam_unix(cron:session): session opened for user root(uid=0) by root(uid=0)
May 10 08:25:01 kali CRON[31458]: (root) CMD (command -v debian-sa1 > /dev/null && debian-sa1 1 1)
May 10 08:25:01 kali CRON[31456]: pam_unix(cron:session): session closed for user root
May 10 08:29:39 kali gnome-shell[1920]: libinput error: event5  - ELAN1300:00 04F3:3087 Touchpad: kernel bug: Touch jump detected and discarded.
May 10 08:29:39 kali gnome-shell[1920]: See https://wayland.freedesktop.org/libinput/doc/1.31.0/touchpad-jumping-cursors.html for details
May 10 08:30:06 kali wpa_supplicant[743]: wlan0: WPA: Group rekeying completed with 0e:b4:60:14:43:e3 [GTK=CCMP]
May 10 08:30:13 kali NetworkManager[677]: <info>  [1778416213.3954] dhcp4 (wlan0): state changed new lease, address=172.20.10.2
May 10 08:30:13 kali dbus-daemon[623]: [system] Activating via systemd: service name='org.freedesktop.nm_dispatcher' unit='dbus-org.freedesktop.nm-dispatcher.service' requested by ':1.8' (uid=0 pid=677 comm="/usr/sbin/NetworkManager --no-daemon" label="unconfined")
May 10 08:30:13 kali systemd[1]: Starting NetworkManager-dispatcher.service - Network Manager Script Dispatcher Service...
May 10 08:30:13 kali dbus-daemon[623]: [system] Successfully activated service 'org.freedesktop.nm_dispatcher'
May 10 08:30:13 kali systemd[1]: Started NetworkManager-dispatcher.service - Network Manager Script Dispatcher Service.
May 10 08:30:23 kali systemd[1]: NetworkManager-dispatcher.service: Deactivated successfully.
May 10 08:34:25 kali systemd[1670]: Started vte-spawn-41ddeafd-f605-42d8-aa3a-e8513e9a741a.scope - VTE child process 38056 launched by org.gnome.Terminal process 3767.
May 10 08:34:38 kali unix_chkpwd[38293]: password check failed for user (harsh)
May 10 08:34:38 kali sudo[38273]: pam_unix(sudo:auth): authentication failure; logname=harsh uid=1000 euid=0 tty=/dev/pts/2 ruser=harsh rhost=  user=harsh
May 10 08:34:44 kali sudo[38273]: pam_unix(sudo:auth): conversation failed
May 10 08:34:44 kali sudo[38273]: pam_unix(sudo:auth): auth could not identify password for [harsh]
May 10 08:34:44 kali sudo[38273]:    harsh : 1 incorrect password attempt ; TTY=pts/2 ; PWD=/home/harsh ; USER=root ; COMMAND=/usr/bin/su
May 10 08:35:01 kali CRON[38633]: pam_unix(cron:session): session opened for user root(uid=0) by root(uid=0)
May 10 08:35:01 kali CRON[38635]: (root) CMD (command -v debian-sa1 > /dev/null && debian-sa1 1 1)
May 10 08:35:01 kali CRON[38633]: pam_unix(cron:session): session closed for user root
May 10 08:36:50 kali systemd[1670]: Started vte-spawn-95a2083e-baf0-425b-8e6c-dde538c01201.scope - VTE child process 39676 launched by org.gnome.Terminal process 3767.
May 10 08:36:57 kali unix_chkpwd[39867]: password check failed for user (harsh)
May 10 08:36:57 kali sudo[39847]: pam_unix(sudo:auth): authentication failure; logname=harsh uid=1000 euid=0 tty=/dev/pts/2 ruser=harsh rhost=  user=harsh
May 10 08:37:10 kali sudo[39847]: pam_unix(sudo:auth): conversation failed
May 10 08:37:10 kali sudo[39847]: pam_unix(sudo:auth): auth could not identify password for [harsh]
May 10 08:37:10 kali sudo[39847]:    harsh : 1 incorrect password attempt ; TTY=pts/2 ; PWD=/home/harsh ; USER=root ; COMMAND=/usr/bin/su
May 10 08:39:01 kali CRON[41059]: pam_unix(cron:session): session opened for user root(uid=0) by root(uid=0)
May 10 08:39:01 kali CRON[41061]: (root) CMD (  [ -x /usr/lib/php/sessionclean ] && if [ ! -d /run/systemd/system ]; then /usr/lib/php/sessionclean; fi)
May 10 08:39:01 kali CRON[41059]: pam_unix(cron:session): session closed for user root
May 10 08:39:01 kali systemd[1]: Starting phpsessionclean.service - Clean php session files...
May 10 08:39:01 kali systemd[1]: phpsessionclean.service: Deactivated successfully.
May 10 08:39:01 kali systemd[1]: Finished phpsessionclean.service - Clean php session files.
