May 07 13:36:43 kali systemd[1]: Removed slice user-60578.slice - User Slice of UID 60578.
May 07 13:36:43 kali systemd[1]: user-60578.slice: Consumed 9.373s CPU time over 29.161s wall clock time, 669.7M memory peak.
May 07 13:36:55 kali wpa_supplicant[749]: wlan0: Reject scan trigger since one is already pending
May 07 13:36:56 kali NetworkManager[658]: <info>  [1778175416.6919] policy: auto-activating connection 'hy376’s iPhone' (093e9ebf-86a5-46d4-85ec-2a438bbb70db)
May 07 13:36:56 kali NetworkManager[658]: <info>  [1778175416.6933] device (wlan0): Activation: starting connection 'hy376’s iPhone' (093e9ebf-86a5-46d4-85ec-2a438bbb70db)
May 07 13:36:56 kali NetworkManager[658]: <info>  [1778175416.6934] device (wlan0): state change: disconnected -> prepare (reason 'none', managed-type: 'full')
May 07 13:36:56 kali NetworkManager[658]: <info>  [1778175416.6936] manager: NetworkManager state is now CONNECTING
May 07 13:36:56 kali NetworkManager[658]: <info>  [1778175416.7120] device (wlan0): set-hw-addr: reset MAC address to 7C:70:DB:80:23:16 (preserve)
May 07 13:36:56 kali NetworkManager[658]: <info>  [1778175416.7159] device (wlan0): state change: prepare -> config (reason 'none', managed-type: 'full')
May 07 13:36:56 kali NetworkManager[658]: <info>  [1778175416.7164] device (wlan0): Activation: (wifi) access point 'hy376’s iPhone' has security, but secrets are required.
May 07 13:36:56 kali NetworkManager[658]: <info>  [1778175416.7164] device (wlan0): state change: config -> need-auth (reason 'none', managed-type: 'full')
May 07 13:36:56 kali NetworkManager[658]: <info>  [1778175416.7173] device (wlan0): state change: need-auth -> prepare (reason 'none', managed-type: 'full')
May 07 13:36:56 kali NetworkManager[658]: <info>  [1778175416.7175] device (wlan0): state change: prepare -> config (reason 'none', managed-type: 'full')
May 07 13:36:56 kali NetworkManager[658]: <info>  [1778175416.7180] device (wlan0): Activation: (wifi) connection 'hy376’s iPhone' has security, and secrets exist.  No new secrets needed.
May 07 13:36:56 kali NetworkManager[658]: <info>  [1778175416.7182] Config: added 'ssid' value 'hy376’s iPhone'
May 07 13:36:56 kali NetworkManager[658]: <info>  [1778175416.7182] Config: added 'scan_ssid' value '1'
May 07 13:36:56 kali NetworkManager[658]: <info>  [1778175416.7182] Config: added 'bgscan' value 'simple:30:-65:300'
May 07 13:36:56 kali NetworkManager[658]: <info>  [1778175416.7182] Config: added 'key_mgmt' value 'WPA-PSK WPA-PSK-SHA256 FT-PSK SAE FT-SAE'
May 07 13:36:56 kali NetworkManager[658]: <info>  [1778175416.7182] Config: added 'auth_alg' value 'OPEN'
May 07 13:36:56 kali NetworkManager[658]: <info>  [1778175416.7183] Config: added 'psk' value '<hidden>'
May 07 13:36:56 kali NetworkManager[658]: <info>  [1778175416.7307] device (wlan0): supplicant interface state: disconnected -> inactive
May 07 13:36:56 kali NetworkManager[658]: <info>  [1778175416.7308] device (p2p-dev-wlan0): supplicant management interface state: disconnected -> inactive
May 07 13:36:56 kali wpa_supplicant[749]: wlan0: SME: Trying to authenticate with 36:97:67:6b:e7:2b (SSID='hy376\xe2\x80\x99s iPhone' freq=5745 MHz)
May 07 13:36:56 kali kernel: wlan0: authenticate with 36:97:67:6b:e7:2b (local address=7c:70:db:80:23:16)
May 07 13:36:56 kali NetworkManager[658]: <info>  [1778175416.7468] device (wlan0): supplicant interface state: inactive -> authenticating
May 07 13:36:56 kali NetworkManager[658]: <info>  [1778175416.7469] device (p2p-dev-wlan0): supplicant management interface state: inactive -> authenticating
May 07 13:36:56 kali kernel: wlan0: send auth to 36:97:67:6b:e7:2b (try 1/3)
May 07 13:36:56 kali wpa_supplicant[749]: wlan0: SME: Trying to authenticate with 36:97:67:6b:e7:2b (SSID='hy376\xe2\x80\x99s iPhone' freq=5745 MHz)
May 07 13:36:56 kali kernel: wlan0: authenticate with 36:97:67:6b:e7:2b (local address=7c:70:db:80:23:16)
May 07 13:36:56 kali kernel: wlan0: send auth to 36:97:67:6b:e7:2b (try 1/3)
May 07 13:36:56 kali wpa_supplicant[749]: wlan0: PMKSA-CACHE-ADDED 36:97:67:6b:e7:2b 0
May 07 13:36:56 kali wpa_supplicant[749]: wlan0: Trying to associate with 36:97:67:6b:e7:2b (SSID='hy376\xe2\x80\x99s iPhone' freq=5745 MHz)
May 07 13:36:56 kali NetworkManager[658]: <info>  [1778175416.8312] device (wlan0): supplicant interface state: authenticating -> associating
May 07 13:36:56 kali NetworkManager[658]: <info>  [1778175416.8312] device (p2p-dev-wlan0): supplicant management interface state: authenticating -> associating
May 07 13:36:56 kali kernel: wlan0: authenticated
May 07 13:36:56 kali kernel: wlan0: associate with 36:97:67:6b:e7:2b (try 1/3)
May 07 13:36:56 kali kernel: wlan0: RX AssocResp from 36:97:67:6b:e7:2b (capab=0x11 status=0 aid=1)
May 07 13:36:56 kali wpa_supplicant[749]: wlan0: Associated with 36:97:67:6b:e7:2b
May 07 13:36:56 kali wpa_supplicant[749]: wlan0: CTRL-EVENT-SUBNET-STATUS-UPDATE status=0
May 07 13:36:56 kali kernel: wlan0: associated
May 07 13:36:56 kali kernel: wlan0: Limiting TX power to 23 (23 - 0) dBm as advertised by 36:97:67:6b:e7:2b
May 07 13:36:56 kali NetworkManager[658]: <info>  [1778175416.8483] device (wlan0): supplicant interface state: associating -> associated
May 07 13:36:56 kali NetworkManager[658]: <info>  [1778175416.8483] device (p2p-dev-wlan0): supplicant management interface state: associating -> associated
May 07 13:36:56 kali NetworkManager[658]: <info>  [1778175416.8636] device (wlan0): supplicant interface state: associated -> 4way_handshake
May 07 13:36:56 kali NetworkManager[658]: <info>  [1778175416.8637] device (p2p-dev-wlan0): supplicant management interface state: associated -> 4way_handshake
May 07 13:36:56 kali wpa_supplicant[749]: wlan0: WPA: Key negotiation completed with 36:97:67:6b:e7:2b [PTK=CCMP GTK=CCMP]
May 07 13:36:56 kali wpa_supplicant[749]: wlan0: CTRL-EVENT-CONNECTED - Connection to 36:97:67:6b:e7:2b completed [id=0 id_str=]
May 07 13:36:56 kali NetworkManager[658]: <info>  [1778175416.9295] device (wlan0): supplicant interface state: 4way_handshake -> completed
May 07 13:36:56 kali NetworkManager[658]: <info>  [1778175416.9295] device (wlan0): Activation: (wifi) Stage 2 of 5 (Device Configure) successful. Connected to wireless network "hy376’s iPhone"
May 07 13:36:56 kali NetworkManager[658]: <info>  [1778175416.9295] device (p2p-dev-wlan0): supplicant management interface state: 4way_handshake -> completed
May 07 13:36:56 kali NetworkManager[658]: <info>  [1778175416.9298] device (wlan0): state change: config -> ip-config (reason 'none', managed-type: 'full')
May 07 13:36:56 kali NetworkManager[658]: <info>  [1778175416.9302] dhcp4 (wlan0): activation: beginning transaction (timeout in 45 seconds)
May 07 13:36:57 kali NetworkManager[658]: <info>  [1778175417.0320] dhcp4 (wlan0): state changed new lease, address=172.20.10.2, acd pending
May 07 13:36:57 kali NetworkManager[658]: <info>  [1778175417.1778] dhcp4 (wlan0): state changed new lease, address=172.20.10.2
May 07 13:36:57 kali NetworkManager[658]: <info>  [1778175417.1810] policy: set 'hy376’s iPhone' (wlan0) as default for IPv4 routing and DNS
May 07 13:36:57 kali NetworkManager[658]: <info>  [1778175417.1921] device (wlan0): state change: ip-config -> ip-check (reason 'none', managed-type: 'full')
May 07 13:36:57 kali dbus-daemon[593]: [system] Activating via systemd: service name='org.freedesktop.nm_dispatcher' unit='dbus-org.freedesktop.nm-dispatcher.service' requested by ':1.8' (uid=0 pid=658 comm="/usr/sbin/NetworkManager --no-daemon" label="unconfined")
May 07 13:36:57 kali systemd[1]: Starting NetworkManager-dispatcher.service - Network Manager Script Dispatcher Service...
May 07 13:36:57 kali dbus-daemon[593]: [system] Successfully activated service 'org.freedesktop.nm_dispatcher'
May 07 13:36:57 kali systemd[1]: Started NetworkManager-dispatcher.service - Network Manager Script Dispatcher Service.
May 07 13:36:57 kali NetworkManager[658]: <info>  [1778175417.2299] device (wlan0): state change: ip-check -> secondaries (reason 'none', managed-type: 'full')
May 07 13:36:57 kali NetworkManager[658]: <info>  [1778175417.2302] device (wlan0): state change: secondaries -> activated (reason 'none', managed-type: 'full')
May 07 13:36:57 kali NetworkManager[658]: <info>  [1778175417.2312] manager: NetworkManager state is now CONNECTED_SITE
May 07 13:36:57 kali NetworkManager[658]: <info>  [1778175417.2331] device (wlan0): Activation: successful, device activated.
May 07 13:36:57 kali NetworkManager[658]: <info>  [1778175417.2335] manager: NetworkManager state is now CONNECTED_GLOBAL
May 07 13:36:58 kali systemd[1]: systemd-hostnamed.service: Deactivated successfully.
May 07 13:36:58 kali systemd[1]: systemd-localed.service: Deactivated successfully.
May 07 13:36:59 kali NetworkManager[658]: <info>  [1778175419.1878] dhcp6 (wlan0): activation: beginning transaction (timeout in 45 seconds)
May 07 13:36:59 kali NetworkManager[658]: <info>  [1778175419.1893] policy: set 'hy376’s iPhone' (wlan0) as default for IPv6 routing and DNS
May 07 13:37:00 kali NetworkManager[658]: <info>  [1778175420.0403] dhcp6 (wlan0): state changed new lease
May 07 13:37:01 kali systemd[1626]: Started app-gnome-firefox\x2desr-3631.scope - Application launched by gnome-shell.
May 07 13:37:02 kali dbus-daemon[593]: [system] Activating via systemd: service name='org.freedesktop.timedate1' unit='dbus-org.freedesktop.timedate1.service' requested by ':1.122' (uid=1000 pid=3631 comm="/usr/lib/firefox-esr/firefox-esr" label="unconfined")
May 07 13:37:02 kali systemd[1]: Starting systemd-timedated.service - Time & Date Service...
May 07 13:37:02 kali systemd[1]: Started systemd-timedated.service - Time & Date Service.
May 07 13:37:02 kali dbus-daemon[593]: [system] Successfully activated service 'org.freedesktop.timedate1'
May 07 13:37:03 kali rtkit-daemon[821]: Successfully made thread 3856 of process 3631 owned by '1000' RT at priority 10.
May 07 13:37:06 kali gnome-shell[1835]: Error in size change accounting.
May 07 13:37:07 kali systemd[1]: NetworkManager-dispatcher.service: Deactivated successfully.
May 07 13:37:10 kali systemd[1626]: Started app-gnome-org.gnome.Terminal-4155.scope - Application launched by gnome-shell.
May 07 13:37:11 kali dbus-daemon[1648]: [session uid=1000 pid=1648 pidfd=5] Activating via systemd: service name='org.gnome.Terminal' unit='gnome-terminal-server.service' requested by ':1.99' (uid=1000 pid=4155 comm="/usr/bin/gnome-terminal" label="unconfined")
May 07 13:37:11 kali systemd[1626]: Created slice app-org.gnome.Terminal.slice - Slice /app/org.gnome.Terminal.
May 07 13:37:11 kali systemd[1626]: Starting gnome-terminal-server.service - GNOME Terminal Server...
May 07 13:37:11 kali dbus-daemon[1648]: [session uid=1000 pid=1648 pidfd=5] Successfully activated service 'org.gnome.Terminal'
May 07 13:37:11 kali systemd[1626]: Started gnome-terminal-server.service - GNOME Terminal Server.
May 07 13:37:11 kali systemd[1626]: Started vte-spawn-0f2755f4-6ef0-4470-822a-cda1a336c238.scope - VTE child process 4302 launched by org.gnome.Terminal process 4186.
May 07 13:37:14 kali systemd-timesyncd[377]: Contacted time server [64:ff9b::5fd8:90e2]:123 (0.debian.pool.ntp.org).
May 07 13:37:14 kali systemd-timesyncd[377]: Initial clock synchronization to Thu 2026-05-07 13:37:14.363075 EDT.
May 07 13:37:15 kali gnome-shell[1835]: Error in size change accounting.
May 07 13:37:18 kali geoclue[1195]: Service not used for 60 seconds. Shutting down..
May 07 13:37:18 kali systemd[1]: geoclue.service: Deactivated successfully.
May 07 13:37:19 kali realmd[1267]: quitting realmd service after timeout
May 07 13:37:19 kali realmd[1267]: stopping service
May 07 13:37:19 kali systemd[1]: realmd.service: Deactivated successfully.
May 07 13:37:22 kali sudo[4408]:    harsh : TTY=pts/0 ; PWD=/home/harsh ; USER=root ; COMMAND=/usr/bin/su
May 07 13:37:22 kali sudo[4408]: pam_unix(sudo:session): session opened for user root(uid=0) by harsh(uid=1000)
May 07 13:37:22 kali su[4432]: (to root) root on pts/1
May 07 13:37:22 kali su[4432]: pam_unix(su:session): session opened for user root(uid=0) by harsh(uid=0)
May 07 13:37:22 kali systemd-logind[614]: Existing logind session ID 3 used by new audit session, ignoring.
May 07 13:37:22 kali systemd[1]: Created slice user-0.slice - User Slice of UID 0.
May 07 13:37:22 kali systemd[1]: Starting user-runtime-dir@0.service - User Runtime Directory /run/user/0...
May 07 13:37:22 kali systemd-logind[614]: New session 'c2' of user 'root' with class 'user-early' and type 'tty'.
May 07 13:37:22 kali systemd[1]: Finished user-runtime-dir@0.service - User Runtime Directory /run/user/0.
May 07 13:37:22 kali systemd[1]: Starting user@0.service - User Manager for UID 0...
May 07 13:37:22 kali (systemd)[4436]: pam_unix(systemd-user:session): session opened for user root(uid=0) by root(uid=0)
May 07 13:37:22 kali systemd-logind[614]: New session '4' of user 'root' with class 'manager-early' and type 'unspecified'.
May 07 13:37:23 kali systemd[4436]: Queued start job for default target default.target.
May 07 13:37:23 kali systemd[4436]: Created slice app.slice - User Application Slice.
May 07 13:37:23 kali systemd[4436]: Created slice session.slice - User Core Session Slice.
May 07 13:37:23 kali systemd[4436]: Reached target paths.target - Paths.
May 07 13:37:23 kali systemd[4436]: Reached target timers.target - Timers.
May 07 13:37:23 kali systemd[4436]: Starting dbus.socket - D-Bus User Message Bus Socket...
May 07 13:37:23 kali systemd[4436]: Listening on dirmngr.socket - GnuPG network certificate management daemon.
May 07 13:37:23 kali systemd[4436]: Listening on gnome-keyring-daemon.socket - GNOME Keyring daemon.
May 07 13:37:23 kali systemd[4436]: Listening on gpg-agent-browser.socket - GnuPG cryptographic agent and passphrase cache (access for web browsers).
May 07 13:37:23 kali systemd[4436]: Listening on gpg-agent-extra.socket - GnuPG cryptographic agent and passphrase cache (restricted).
May 07 13:37:23 kali systemd[4436]: Starting gpg-agent.socket - GnuPG cryptographic agent and passphrase cache...
May 07 13:37:23 kali systemd[4436]: Listening on keyboxd.socket - GnuPG public key management service.
May 07 13:37:23 kali systemd[4436]: Listening on pipewire-pulse.socket - PipeWire PulseAudio.
May 07 13:37:23 kali systemd[4436]: Listening on pipewire.socket - PipeWire Multimedia System Sockets.
May 07 13:37:23 kali systemd[4436]: Listening on speech-dispatcher.socket - Speech Dispatcher Socket.
May 07 13:37:23 kali systemd[4436]: Starting ssh-agent.socket - OpenSSH Agent socket...
May 07 13:37:23 kali systemd[4436]: Listening on systemd-ask-password.socket - Query the User Interactively for a Password.
May 07 13:37:23 kali systemd[4436]: Listening on dbus.socket - D-Bus User Message Bus Socket.
May 07 13:37:23 kali systemd[4436]: Listening on gpg-agent.socket - GnuPG cryptographic agent and passphrase cache.
May 07 13:37:23 kali systemd[4436]: Listening on ssh-agent.socket - OpenSSH Agent socket.
May 07 13:37:23 kali systemd[4436]: Starting gcr-ssh-agent.socket - GCR ssh-agent wrapper...
May 07 13:37:23 kali systemd[4436]: Listening on gcr-ssh-agent.socket - GCR ssh-agent wrapper.
May 07 13:37:23 kali systemd[4436]: Starting gpg-agent-ssh.socket - GnuPG cryptographic agent (ssh-agent emulation)...
May 07 13:37:23 kali systemd[4436]: Listening on gpg-agent-ssh.socket - GnuPG cryptographic agent (ssh-agent emulation).
May 07 13:37:23 kali systemd[4436]: Reached target sockets.target - Sockets.
May 07 13:37:23 kali systemd[4436]: Reached target basic.target - Basic System.
May 07 13:37:23 kali systemd[1]: Started user@0.service - User Manager for UID 0.
May 07 13:37:23 kali systemd[1]: Started session-c2.scope - Session c2 of User root.
May 07 13:37:23 kali systemd[4436]: Starting dbus.service - D-Bus User Message Bus...
May 07 13:37:23 kali systemd[4436]: Started pipewire.service - PipeWire Multimedia Service.
May 07 13:37:23 kali dbus-daemon[4465]: [session uid=0 pid=4465 pidfd=5] AppArmor D-Bus mediation is enabled
May 07 13:37:23 kali systemd[4436]: Started dbus.service - D-Bus User Message Bus.
May 07 13:37:23 kali systemd[4436]: mpris-proxy.service - Bluetooth mpris proxy skipped, unmet condition check ConditionUser=!@system
May 07 13:37:23 kali systemd[4436]: Started wireplumber.service - Multimedia Service Session Manager.
May 07 13:37:23 kali systemd[4436]: Started filter-chain.service - PipeWire filter chain daemon.
May 07 13:37:23 kali systemd[4436]: Started pipewire-pulse.service - PipeWire PulseAudio.
May 07 13:37:23 kali systemd[4436]: Reached target default.target - Main User Target.
May 07 13:37:23 kali systemd[4436]: Startup finished in 244ms.
May 07 13:37:23 kali wireplumber[4469]: wp-device: SPA handle 'api.libcamera.enum.manager' could not be loaded; is it installed?
May 07 13:37:23 kali wireplumber[4469]: s-monitors-libcamera: PipeWire's libcamera SPA plugin is missing or broken. Some camera types may not be supported.
May 07 13:37:24 kali dbus-daemon[4465]: [session uid=0 pid=4465 pidfd=5] Activating via systemd: service name='org.freedesktop.impl.portal.PermissionStore' unit='xdg-permission-store.service' requested by ':1.4' (uid=0 pid=4469 comm="/usr/bin/wireplumber" label="unconfined")
May 07 13:37:24 kali systemd[4436]: Starting xdg-permission-store.service - sandboxed app permission store...
May 07 13:37:24 kali dbus-daemon[4465]: [session uid=0 pid=4465 pidfd=5] Successfully activated service 'org.freedesktop.impl.portal.PermissionStore'
May 07 13:37:24 kali systemd[4436]: Started xdg-permission-store.service - sandboxed app permission store.
May 07 13:37:32 kali systemd[1]: systemd-timedated.service: Deactivated successfully.
May 07 13:39:01 kali CRON[5136]: pam_unix(cron:session): session opened for user root(uid=0) by root(uid=0)
May 07 13:39:01 kali CRON[5138]: (root) CMD (  [ -x /usr/lib/php/sessionclean ] && if [ ! -d /run/systemd/system ]; then /usr/lib/php/sessionclean; fi)
May 07 13:39:01 kali CRON[5136]: pam_unix(cron:session): session closed for user root
May 07 13:39:02 kali systemd[1]: Starting phpsessionclean.service - Clean php session files...
May 07 13:39:02 kali systemd[1]: phpsessionclean.service: Deactivated successfully.
May 07 13:39:02 kali systemd[1]: Finished phpsessionclean.service - Clean php session files.
May 07 13:41:20 kali gnome-shell[1835]: libinput error: event5  - ELAN1300:00 04F3:3087 Touchpad: kernel bug: Touch jump detected and discarded.
May 07 13:41:20 kali gnome-shell[1835]: See https://wayland.freedesktop.org/libinput/doc/1.31.0/touchpad-jumping-cursors.html for details
May 07 13:45:01 kali CRON[8140]: pam_unix(cron:session): session opened for user root(uid=0) by root(uid=0)
May 07 13:45:01 kali CRON[8142]: (root) CMD (command -v debian-sa1 > /dev/null && debian-sa1 1 1)
May 07 13:45:01 kali CRON[8140]: pam_unix(cron:session): session closed for user root
May 07 13:49:32 kali sudo[10214]:     root : TTY=pts/1 ; PWD=/root/projects/mini-siem ; USER=root ; COMMAND=/usr/bin/tail -n 20 /var/log/auth.log
May 07 13:49:32 kali sudo[10214]: pam_unix(sudo:session): session opened for user root(uid=0) by harsh(uid=0)
May 07 13:49:32 kali sudo[10214]: pam_unix(sudo:session): session closed for user root
May 07 13:50:28 kali sudo[10877]:     root : TTY=pts/1 ; PWD=/root/projects/mini-siem ; USER=root ; COMMAND=/usr/bin/journalctl -n 20
May 07 13:50:28 kali sudo[10877]: pam_unix(sudo:session): session opened for user root(uid=0) by harsh(uid=0)
May 07 13:51:26 kali systemd[1]: Starting systemd-tmpfiles-clean.service - Cleanup of Temporary Directories...
May 07 13:51:26 kali systemd-tmpfiles[11374]: /usr/lib/tmpfiles.d/legacy.conf:14: Duplicate line for path "/run/lock", ignoring.
May 07 13:51:26 kali systemd[1]: systemd-tmpfiles-clean.service: Deactivated successfully.
May 07 13:51:26 kali systemd[1]: Finished systemd-tmpfiles-clean.service - Cleanup of Temporary Directories.
May 07 13:52:07 kali sudo[10877]: pam_unix(sudo:session): session closed for user root
May 07 13:55:01 kali CRON[14352]: pam_unix(cron:session): session opened for user root(uid=0) by root(uid=0)
May 07 13:55:01 kali CRON[14354]: (root) CMD (command -v debian-sa1 > /dev/null && debian-sa1 1 1)
May 07 13:55:01 kali CRON[14352]: pam_unix(cron:session): session closed for user root
May 07 14:00:56 kali sudo[18619]:     root : TTY=pts/1 ; PWD=/root/projects/mini-siem ; USER=root ; COMMAND=/usr/bin/journalctl -n 20
May 07 14:00:56 kali sudo[18619]: pam_unix(sudo:session): session opened for user root(uid=0) by harsh(uid=0)
May 07 14:01:14 kali sudo[18619]: pam_unix(sudo:session): session closed for user root
May 07 14:01:16 kali sudo[19023]:     root : TTY=pts/1 ; PWD=/root/projects/mini-siem ; USER=root ; COMMAND=/usr/bin/journalctl
May 07 14:01:16 kali sudo[19023]: pam_unix(sudo:session): session opened for user root(uid=0) by harsh(uid=0)
May 07 14:01:17 kali sudo[19023]: pam_unix(sudo:session): session closed for user root
May 07 14:01:54 kali systemd[1]: Starting NetworkManager-wait-online.service - Network Manager Wait Online...
May 07 14:01:54 kali systemd[1]: Finished NetworkManager-wait-online.service - Network Manager Wait Online.
May 07 14:01:54 kali systemd[1]: Reached target network-online.target - Network is Online.
May 07 14:01:54 kali systemd[1]: Starting fwupd-refresh.service - Refresh fwupd metadata and update motd...
May 07 14:01:54 kali dbus-daemon[593]: [system] Activating via systemd: service name='org.freedesktop.fwupd' unit='fwupd.service' requested by ':1.140' (uid=977 pid=19817 comm="/usr/bin/fwupdmgr refresh" label="unconfined")
May 07 14:01:54 kali systemd[1]: Starting modprobe@sd_mod.service - Load Kernel Module sd_mod...
May 07 14:01:54 kali systemd[1]: modprobe@sd_mod.service: Deactivated successfully.
May 07 14:01:54 kali systemd[1]: Finished modprobe@sd_mod.service - Load Kernel Module sd_mod.
May 07 14:01:54 kali systemd[1]: Starting fwupd.service - Firmware update daemon...
May 07 14:01:54 kali systemd[1]: run-media-root-SYSTEM.mount: Deactivated successfully.
May 07 14:01:54 kali udisksd[2096]: Cleaning up mount point /run/media/root/SYSTEM (device 259:1 is not mounted)
May 07 14:01:54 kali udisksd[2096]: Cleaning up mount point /run/media/root/SYSTEM (device 259:1 is not mounted)
May 07 14:01:55 kali fwupd[19827]: 18:01:55.505 FuMain               fwupd 2.1.1 ready for requests (locale en_US.UTF-8)
May 07 14:01:55 kali dbus-daemon[593]: [system] Successfully activated service 'org.freedesktop.fwupd'
May 07 14:01:55 kali systemd[1]: Started fwupd.service - Firmware update daemon.
May 07 14:01:55 kali systemd[1]: fwupd-refresh.service: Deactivated successfully.
May 07 14:01:55 kali systemd[1]: Finished fwupd-refresh.service - Refresh fwupd metadata and update motd.
May 07 14:05:01 kali CRON[21704]: pam_unix(cron:session): session opened for user root(uid=0) by root(uid=0)
May 07 14:05:01 kali CRON[21706]: (root) CMD (command -v debian-sa1 > /dev/null && debian-sa1 1 1)
May 07 14:05:01 kali CRON[21704]: pam_unix(cron:session): session closed for user root
