May 08 08:59:46 kali NetworkManager[658]: <info>  [1778245186.7970] device (p2p-dev-wlan0): supplicant management interface state: inactive -> authenticating
May 08 08:59:46 kali kernel: wlan0: authenticate with a6:7d:ea:75:1d:43 (local address=7c:70:db:80:23:16)
May 08 08:59:46 kali kernel: wlan0: send auth to a6:7d:ea:75:1d:43 (try 1/3)
May 08 08:59:46 kali wpa_supplicant[754]: wlan0: SME: Trying to authenticate with a6:7d:ea:75:1d:43 (SSID='hy376\xe2\x80\x99s iPhone' freq=5745 MHz)
May 08 08:59:46 kali wpa_supplicant[754]: wlan0: PMKSA-CACHE-ADDED a6:7d:ea:75:1d:43 0
May 08 08:59:46 kali wpa_supplicant[754]: wlan0: Trying to associate with a6:7d:ea:75:1d:43 (SSID='hy376\xe2\x80\x99s iPhone' freq=5745 MHz)
May 08 08:59:46 kali NetworkManager[658]: <info>  [1778245186.8801] device (wlan0): supplicant interface state: authenticating -> associating
May 08 08:59:46 kali NetworkManager[658]: <info>  [1778245186.8802] device (p2p-dev-wlan0): supplicant management interface state: authenticating -> associating
May 08 08:59:46 kali kernel: wlan0: authenticate with a6:7d:ea:75:1d:43 (local address=7c:70:db:80:23:16)
May 08 08:59:46 kali kernel: wlan0: send auth to a6:7d:ea:75:1d:43 (try 1/3)
May 08 08:59:46 kali kernel: wlan0: authenticated
May 08 08:59:46 kali kernel: wlan0: associate with a6:7d:ea:75:1d:43 (try 1/3)
May 08 08:59:46 kali kernel: wlan0: RX AssocResp from a6:7d:ea:75:1d:43 (capab=0x11 status=0 aid=1)
May 08 08:59:46 kali wpa_supplicant[754]: wlan0: Associated with a6:7d:ea:75:1d:43
May 08 08:59:46 kali wpa_supplicant[754]: wlan0: CTRL-EVENT-SUBNET-STATUS-UPDATE status=0
May 08 08:59:46 kali kernel: wlan0: associated
May 08 08:59:46 kali NetworkManager[658]: <info>  [1778245186.8977] device (wlan0): supplicant interface state: associating -> associated
May 08 08:59:46 kali NetworkManager[658]: <info>  [1778245186.8978] device (p2p-dev-wlan0): supplicant management interface state: associating -> associated
May 08 08:59:46 kali NetworkManager[658]: <info>  [1778245186.9095] device (wlan0): supplicant interface state: associated -> 4way_handshake
May 08 08:59:46 kali NetworkManager[658]: <info>  [1778245186.9096] device (p2p-dev-wlan0): supplicant management interface state: associated -> 4way_handshake
May 08 08:59:46 kali kernel: wlan0: Limiting TX power to 23 (23 - 0) dBm as advertised by a6:7d:ea:75:1d:43
May 08 08:59:47 kali wpa_supplicant[754]: wlan0: WPA: Key negotiation completed with a6:7d:ea:75:1d:43 [PTK=CCMP GTK=CCMP]
May 08 08:59:47 kali wpa_supplicant[754]: wlan0: CTRL-EVENT-CONNECTED - Connection to a6:7d:ea:75:1d:43 completed [id=0 id_str=]
May 08 08:59:47 kali NetworkManager[658]: <info>  [1778245187.0148] device (wlan0): supplicant interface state: 4way_handshake -> completed
May 08 08:59:47 kali NetworkManager[658]: <info>  [1778245187.0148] device (wlan0): Activation: (wifi) Stage 2 of 5 (Device Configure) successful. Connected to wireless network "hy376’s iPhone"
May 08 08:59:47 kali NetworkManager[658]: <info>  [1778245187.0148] device (p2p-dev-wlan0): supplicant management interface state: 4way_handshake -> completed
May 08 08:59:47 kali NetworkManager[658]: <info>  [1778245187.0150] device (wlan0): state change: config -> ip-config (reason 'none', managed-type: 'full')
May 08 08:59:47 kali NetworkManager[658]: <info>  [1778245187.0165] dhcp4 (wlan0): activation: beginning transaction (timeout in 45 seconds)
May 08 08:59:47 kali NetworkManager[658]: <info>  [1778245187.4015] dhcp4 (wlan0): state changed new lease, address=172.20.10.2, acd pending
May 08 08:59:47 kali NetworkManager[658]: <info>  [1778245187.5699] dhcp4 (wlan0): state changed new lease, address=172.20.10.2
May 08 08:59:47 kali NetworkManager[658]: <info>  [1778245187.5726] policy: set 'hy376’s iPhone' (wlan0) as default for IPv4 routing and DNS
May 08 08:59:47 kali NetworkManager[658]: <info>  [1778245187.5855] device (wlan0): state change: ip-config -> ip-check (reason 'none', managed-type: 'full')
May 08 08:59:47 kali dbus-daemon[542]: [system] Activating via systemd: service name='org.freedesktop.nm_dispatcher' unit='dbus-org.freedesktop.nm-dispatcher.service' requested by ':1.8' (uid=0 pid=658 comm="/usr/sbin/NetworkManager --no-daemon" label="unconfined")
May 08 08:59:47 kali systemd[1]: Starting NetworkManager-dispatcher.service - Network Manager Script Dispatcher Service...
May 08 08:59:47 kali dbus-daemon[542]: [system] Successfully activated service 'org.freedesktop.nm_dispatcher'
May 08 08:59:47 kali systemd[1]: Started NetworkManager-dispatcher.service - Network Manager Script Dispatcher Service.
May 08 08:59:47 kali NetworkManager[658]: <info>  [1778245187.6388] device (wlan0): state change: ip-check -> secondaries (reason 'none', managed-type: 'full')
May 08 08:59:47 kali NetworkManager[658]: <info>  [1778245187.6391] device (wlan0): state change: secondaries -> activated (reason 'none', managed-type: 'full')
May 08 08:59:47 kali NetworkManager[658]: <info>  [1778245187.6396] manager: NetworkManager state is now CONNECTED_SITE
May 08 08:59:47 kali NetworkManager[658]: <info>  [1778245187.6408] device (wlan0): Activation: successful, device activated.
May 08 08:59:47 kali NetworkManager[658]: <info>  [1778245187.6419] manager: NetworkManager state is now CONNECTED_GLOBAL
May 08 08:59:48 kali NetworkManager[658]: <info>  [1778245188.7392] dhcp6 (wlan0): activation: beginning transaction (timeout in 45 seconds)
May 08 08:59:48 kali NetworkManager[658]: <info>  [1778245188.7468] policy: set 'hy376’s iPhone' (wlan0) as default for IPv6 routing and DNS
May 08 08:59:48 kali NetworkManager[658]: <info>  [1778245188.7610] dhcp6 (wlan0): state changed new lease
May 08 08:59:57 kali systemd[1]: NetworkManager-dispatcher.service: Deactivated successfully.
May 08 09:00:01 kali systemd-timesyncd[379]: Contacted time server [2402:1f00:8300:821::123]:123 (2.debian.pool.ntp.org).
May 08 09:00:01 kali systemd-timesyncd[379]: Initial clock synchronization to Fri 2026-05-08 09:00:01.232567 EDT.
May 08 09:01:07 kali kernel: pcieport 0000:00:1d.6: AER: Multiple Correctable error message received from 0000:00:1d.6
May 08 09:01:07 kali kernel: pcieport 0000:00:1d.6: PCIe Bus Error: severity=Correctable, type=Physical Layer, (Receiver ID)
May 08 09:01:07 kali kernel: pcieport 0000:00:1d.6:   device [8086:34b6] error status/mask=00000001/00002000
May 08 09:01:07 kali kernel: pcieport 0000:00:1d.6:    [ 0] RxErr                  (First)
May 08 09:01:07 kali kernel: pcieport 0000:00:1d.6: AER:   Error of this Agent is reported first
May 08 09:01:07 kali kernel: nvme 0000:02:00.0: PCIe Bus Error: severity=Correctable, type=Physical Layer, (Receiver ID)
May 08 09:01:07 kali kernel: nvme 0000:02:00.0:   device [8086:0975] error status/mask=00000001/00002000
May 08 09:01:07 kali kernel: nvme 0000:02:00.0:    [ 0] RxErr                  (First)
May 08 09:05:01 kali CRON[8001]: pam_unix(cron:session): session opened for user root(uid=0) by root(uid=0)
May 08 09:05:01 kali CRON[8003]: (root) CMD (command -v debian-sa1 > /dev/null && debian-sa1 1 1)
May 08 09:05:01 kali CRON[8001]: pam_unix(cron:session): session closed for user root
May 08 09:06:25 kali systemd[1]: Starting NetworkManager-wait-online.service - Network Manager Wait Online...
May 08 09:06:25 kali systemd[1]: Finished NetworkManager-wait-online.service - Network Manager Wait Online.
May 08 09:06:25 kali systemd[1]: Reached target network-online.target - Network is Online.
May 08 09:06:25 kali systemd[1]: Starting fwupd-refresh.service - Refresh fwupd metadata and update motd...
May 08 09:06:25 kali dbus-daemon[542]: [system] Activating via systemd: service name='org.freedesktop.fwupd' unit='fwupd.service' requested by ':1.142' (uid=977 pid=9046 comm="/usr/bin/fwupdmgr refresh" label="unconfined")
May 08 09:06:25 kali systemd[1]: Starting modprobe@sd_mod.service - Load Kernel Module sd_mod...
May 08 09:06:25 kali systemd[1]: modprobe@sd_mod.service: Deactivated successfully.
May 08 09:06:25 kali systemd[1]: Finished modprobe@sd_mod.service - Load Kernel Module sd_mod.
May 08 09:06:25 kali systemd[1]: Starting fwupd.service - Firmware update daemon...
May 08 09:06:26 kali systemd[1]: run-media-root-SYSTEM.mount: Deactivated successfully.
May 08 09:06:26 kali udisksd[2085]: Cleaning up mount point /run/media/root/SYSTEM (device 259:1 is not mounted)
May 08 09:06:26 kali udisksd[2085]: Cleaning up mount point /run/media/root/SYSTEM (device 259:1 is not mounted)
May 08 09:06:27 kali fwupd[9059]: 13:06:27.405 FuMain               fwupd 2.1.1 ready for requests (locale en_US.UTF-8)
May 08 09:06:27 kali dbus-daemon[542]: [system] Successfully activated service 'org.freedesktop.fwupd'
May 08 09:06:27 kali systemd[1]: Started fwupd.service - Firmware update daemon.
May 08 09:06:27 kali systemd[1]: fwupd-refresh.service: Deactivated successfully.
May 08 09:06:27 kali systemd[1]: Finished fwupd-refresh.service - Refresh fwupd metadata and update motd.
May 08 09:09:01 kali CRON[10601]: pam_unix(cron:session): session opened for user root(uid=0) by root(uid=0)
May 08 09:09:01 kali CRON[10603]: (root) CMD (  [ -x /usr/lib/php/sessionclean ] && if [ ! -d /run/systemd/system ]; then /usr/lib/php/sessionclean; fi)
May 08 09:09:01 kali CRON[10601]: pam_unix(cron:session): session closed for user root
May 08 09:09:04 kali systemd[1]: Starting phpsessionclean.service - Clean php session files...
May 08 09:09:04 kali systemd[1]: phpsessionclean.service: Deactivated successfully.
May 08 09:09:04 kali systemd[1]: Finished phpsessionclean.service - Clean php session files.
May 08 09:11:28 kali systemd[1]: Starting systemd-tmpfiles-clean.service - Cleanup of Temporary Directories...
May 08 09:11:28 kali systemd-tmpfiles[12119]: /usr/lib/tmpfiles.d/legacy.conf:14: Duplicate line for path "/run/lock", ignoring.
May 08 09:11:28 kali systemd[1]: systemd-tmpfiles-clean.service: Deactivated successfully.
May 08 09:11:28 kali systemd[1]: Finished systemd-tmpfiles-clean.service - Cleanup of Temporary Directories.
May 08 09:11:38 kali sudo[12307]:     root : TTY=pts/1 ; PWD=/root/projects/mini-siem ; USER=root ; COMMAND=/usr/bin/systemctl start ssh
May 08 09:11:38 kali sudo[12307]: pam_unix(sudo:session): session opened for user root(uid=0) by harsh(uid=0)
May 08 09:11:38 kali systemd[1]: Starting ssh.service - OpenBSD Secure Shell server...
May 08 09:11:38 kali sshd[12320]: Server listening on 0.0.0.0 port 22.
May 08 09:11:38 kali sshd[12320]: Server listening on :: port 22.
May 08 09:11:38 kali systemd[1]: Started ssh.service - OpenBSD Secure Shell server.
May 08 09:11:38 kali sudo[12307]: pam_unix(sudo:session): session closed for user root
May 08 09:11:43 kali sudo[12494]:     root : TTY=pts/1 ; PWD=/root/projects/mini-siem ; USER=root ; COMMAND=/usr/bin/systemctl status ssh
May 08 09:11:43 kali sudo[12494]: pam_unix(sudo:session): session opened for user root(uid=0) by harsh(uid=0)
May 08 09:11:43 kali sudo[12494]: pam_unix(sudo:session): session closed for user root
May 08 09:12:07 kali sshd-session[12702]: Invalid user fakeuser from ::1 port 43638
May 08 09:12:13 kali sshd-session[12702]: pam_unix(sshd:auth): check pass; user unknown
May 08 09:12:13 kali sshd-session[12702]: pam_unix(sshd:auth): authentication failure; logname= uid=0 euid=0 tty=ssh ruser= rhost=::1
May 08 09:12:15 kali sshd-session[12702]: Failed password for invalid user fakeuser from ::1 port 43638 ssh2
May 08 09:12:42 kali sshd-session[12702]: pam_unix(sshd:auth): check pass; user unknown
May 08 09:12:44 kali sshd-session[12702]: Failed password for invalid user fakeuser from ::1 port 43638 ssh2
May 08 09:12:48 kali sshd-session[12702]: Connection closed by invalid user fakeuser ::1 port 43638 [preauth]
May 08 09:12:48 kali sshd-session[12702]: PAM 1 more authentication failure; logname= uid=0 euid=0 tty=ssh ruser= rhost=::1
May 08 09:15:01 kali CRON[14218]: pam_unix(cron:session): session opened for user root(uid=0) by root(uid=0)
May 08 09:15:01 kali CRON[14220]: (root) CMD (command -v debian-sa1 > /dev/null && debian-sa1 1 1)
May 08 09:15:01 kali CRON[14218]: pam_unix(cron:session): session closed for user root
May 08 09:17:01 kali CRON[15283]: pam_unix(cron:session): session opened for user root(uid=0) by root(uid=0)
May 08 09:17:01 kali CRON[15285]: (root) CMD (cd / && run-parts --report /etc/cron.hourly)
May 08 09:17:01 kali CRON[15283]: pam_unix(cron:session): session closed for user root
May 08 09:21:43 kali sshd-session[17958]: Invalid user fakeuser from ::1 port 33304
May 08 09:21:46 kali sshd-session[17958]: pam_unix(sshd:auth): check pass; user unknown
May 08 09:21:46 kali sshd-session[17958]: pam_unix(sshd:auth): authentication failure; logname= uid=0 euid=0 tty=ssh ruser= rhost=::1
May 08 09:21:48 kali sshd-session[17958]: Failed password for invalid user fakeuser from ::1 port 33304 ssh2
May 08 09:21:51 kali sshd-session[17958]: pam_unix(sshd:auth): check pass; user unknown
May 08 09:21:52 kali sshd-session[17958]: Failed password for invalid user fakeuser from ::1 port 33304 ssh2
May 08 09:21:56 kali sshd-session[17958]: pam_unix(sshd:auth): check pass; user unknown
May 08 09:21:58 kali sshd-session[17958]: Failed password for invalid user fakeuser from ::1 port 33304 ssh2
May 08 09:21:59 kali sshd-session[17958]: Connection closed by invalid user fakeuser ::1 port 33304 [preauth]
May 08 09:21:59 kali sshd-session[17958]: PAM 2 more authentication failures; logname= uid=0 euid=0 tty=ssh ruser= rhost=::1
May 08 09:22:11 kali sudo[18276]:     root : TTY=pts/1 ; PWD=/root/projects/mini-siem ; USER=root ; COMMAND=/usr/bin/ls
May 08 09:22:11 kali sudo[18276]: pam_unix(sudo:session): session opened for user root(uid=0) by harsh(uid=0)
May 08 09:22:11 kali sudo[18276]: pam_unix(sudo:session): session closed for user root
May 08 09:25:01 kali CRON[19876]: pam_unix(cron:session): session opened for user root(uid=0) by root(uid=0)
May 08 09:25:01 kali CRON[19878]: (root) CMD (command -v debian-sa1 > /dev/null && debian-sa1 1 1)
May 08 09:25:01 kali CRON[19876]: pam_unix(cron:session): session closed for user root
May 08 09:28:56 kali sshd-session[22423]: Invalid user fakeuser from ::1 port 35308
May 08 09:28:58 kali sshd-session[22423]: pam_unix(sshd:auth): check pass; user unknown
May 08 09:28:58 kali sshd-session[22423]: pam_unix(sshd:auth): authentication failure; logname= uid=0 euid=0 tty=ssh ruser= rhost=::1
May 08 09:29:00 kali sshd-session[22423]: Failed password for invalid user fakeuser from ::1 port 35308 ssh2
May 08 09:29:08 kali sshd-session[22423]: pam_unix(sshd:auth): check pass; user unknown
May 08 09:29:09 kali sshd-session[22423]: Failed password for invalid user fakeuser from ::1 port 35308 ssh2
May 08 09:29:15 kali sshd-session[22423]: pam_unix(sshd:auth): check pass; user unknown
May 08 09:29:17 kali sshd-session[22423]: Failed password for invalid user fakeuser from ::1 port 35308 ssh2
May 08 09:29:18 kali sshd-session[22423]: Connection closed by invalid user fakeuser ::1 port 35308 [preauth]
May 08 09:29:18 kali sshd-session[22423]: PAM 2 more authentication failures; logname= uid=0 euid=0 tty=ssh ruser= rhost=::1
May 08 09:29:36 kali sshd-session[22760]: Accepted password for harsh from ::1 port 44694 ssh2
May 08 09:29:36 kali sshd-session[22760]: pam_unix(sshd:session): session opened for user harsh(uid=1000) by harsh(uid=0)
May 08 09:29:36 kali systemd-logind[556]: New session '10' of user 'harsh' with class 'user' and type 'tty'.
May 08 09:29:36 kali systemd[1]: Started session-10.scope - Session 10 of User harsh.
May 08 09:29:36 kali im-config[22860]: @ IM_CONFIG_ENTRY='profile' XDG_SESSION_TYPE ='tty' UID=1000 PID=22813 PPID=22812
May 08 09:29:36 kali im-config[22862]:   GTK_IM_MODULE='' QT_IM_MODULE='' CLUTTER_IM_MODULE='' SDL_IM_MODULE='' XMODIFIERS=''
May 08 09:29:36 kali im-config[22864]:   Set IM_CONFIG_CURRENT_DESKTOP <- 'UNDEFINED'
May 08 09:29:47 kali NetworkManager[658]: <info>  [1778246987.1257] dhcp4 (wlan0): state changed new lease, address=172.20.10.2
May 08 09:29:47 kali dbus-daemon[542]: [system] Activating via systemd: service name='org.freedesktop.nm_dispatcher' unit='dbus-org.freedesktop.nm-dispatcher.service' requested by ':1.8' (uid=0 pid=658 comm="/usr/sbin/NetworkManager --no-daemon" label="unconfined")
May 08 09:29:47 kali systemd[1]: Starting NetworkManager-dispatcher.service - Network Manager Script Dispatcher Service...
May 08 09:29:47 kali dbus-daemon[542]: [system] Successfully activated service 'org.freedesktop.nm_dispatcher'
May 08 09:29:47 kali systemd[1]: Started NetworkManager-dispatcher.service - Network Manager Script Dispatcher Service.
May 08 09:29:57 kali systemd[1]: NetworkManager-dispatcher.service: Deactivated successfully.
May 08 09:30:08 kali sudo[23123]:    harsh : TTY=pts/2 ; PWD=/home/harsh ; USER=root ; COMMAND=/usr/bin/ls
May 08 09:30:08 kali sudo[23123]: pam_unix(sudo:session): session opened for user root(uid=0) by harsh(uid=1000)
May 08 09:30:08 kali sudo[23123]: pam_unix(sudo:session): session closed for user root
May 08 09:31:21 kali sudo[23836]:    harsh : TTY=pts/2 ; PWD=/home/harsh ; USER=root ; COMMAND=/usr/bin/su
May 08 09:31:21 kali sudo[23836]: pam_unix(sudo:session): session opened for user root(uid=0) by harsh(uid=1000)
May 08 09:31:21 kali su[23839]: (to root) root on pts/3
May 08 09:31:21 kali su[23839]: pam_unix(su:session): session opened for user root(uid=0) by harsh(uid=0)
May 08 09:35:01 kali CRON[25765]: pam_unix(cron:session): session opened for user root(uid=0) by root(uid=0)
May 08 09:35:01 kali CRON[25767]: (root) CMD (command -v debian-sa1 > /dev/null && debian-sa1 1 1)
May 08 09:35:01 kali CRON[25765]: pam_unix(cron:session): session closed for user root
May 08 09:35:51 kali kernel: perf: interrupt took too long (2506 > 2500), lowering kernel.perf_event_max_sample_rate to 79750
May 08 09:36:04 kali systemd[1]: logrotate.service - Rotate log files skipped, unmet condition check ConditionACPower=true
May 08 09:36:31 kali dbus-daemon[542]: [system] Activating via systemd: service name='org.freedesktop.hostname1' unit='dbus-org.freedesktop.hostname1.service' requested by ':1.123' (uid=1000 pid=3141 comm="/usr/lib/firefox-esr/firefox-esr" label="unconfined")
May 08 09:36:31 kali systemd[1]: Starting systemd-hostnamed.service - Hostname Service...
May 08 09:36:31 kali systemd[1]: Started systemd-hostnamed.service - Hostname Service.
May 08 09:36:31 kali dbus-daemon[542]: [system] Successfully activated service 'org.freedesktop.hostname1'
May 08 09:36:31 kali dbus-daemon[542]: [system] Activating via systemd: service name='org.freedesktop.Avahi' unit='dbus-org.freedesktop.Avahi.service' requested by ':1.148' (uid=1000 pid=26802 comm="/usr/libexec/gvfsd-dnssd --spawner :1.17 /org/gtk/" label="unconfined")
May 08 09:36:31 kali dbus-daemon[542]: [system] Activation via systemd failed for unit 'dbus-org.freedesktop.Avahi.service': Unit dbus-org.freedesktop.Avahi.service not found.
May 08 09:36:31 kali gvfsd-wsdd[26832]: Failed to spawn the wsdd daemon: Failed to execute child process “wsdd” (No such file or directory)
May 08 09:36:31 kali gvfsd-network[26775]: Couldn't create directory monitor on wsdd:///. Error: Automount failed: Failed to spawn the underlying wsdd daemon.
May 08 09:36:58 kali sudo[27457]:     root : TTY=pts/3 ; PWD=/root/projects/mini-siem ; USER=root ; COMMAND=/usr/bin/systemctl start ssh
May 08 09:36:58 kali sudo[27457]: pam_unix(sudo:session): session opened for user root(uid=0) by harsh(uid=0)
May 08 09:36:58 kali sudo[27457]: pam_unix(sudo:session): session closed for user root
May 08 09:37:01 kali systemd[1]: systemd-hostnamed.service: Deactivated successfully.
May 08 09:37:06 kali sudo[27640]:     root : TTY=pts/3 ; PWD=/root/projects/mini-siem ; USER=root ; COMMAND=/usr/bin/systemctl status ssh
May 08 09:37:06 kali sudo[27640]: pam_unix(sudo:session): session opened for user root(uid=0) by harsh(uid=0)
May 08 09:37:17 kali sudo[27640]: pam_unix(sudo:session): session closed for user root
May 08 09:37:22 kali sshd-session[27869]: Invalid user fakeuser from ::1 port 55910
May 08 09:37:26 kali sshd-session[27869]: pam_unix(sshd:auth): check pass; user unknown
May 08 09:37:26 kali sshd-session[27869]: pam_unix(sshd:auth): authentication failure; logname= uid=0 euid=0 tty=ssh ruser= rhost=::1
May 08 09:37:28 kali sshd-session[27869]: Failed password for invalid user fakeuser from ::1 port 55910 ssh2
May 08 09:37:30 kali sshd-session[27869]: pam_unix(sshd:auth): check pass; user unknown
May 08 09:37:32 kali sshd-session[27869]: Failed password for invalid user fakeuser from ::1 port 55910 ssh2
May 08 09:37:37 kali sshd-session[27869]: pam_unix(sshd:auth): check pass; user unknown
May 08 09:37:37 kali systemd[1]: apt-daily-upgrade.service - Daily apt upgrade and clean activities skipped, unmet condition check ConditionACPower=true
May 08 09:37:39 kali sshd-session[27869]: Failed password for invalid user fakeuser from ::1 port 55910 ssh2
May 08 09:37:39 kali sshd-session[27869]: Connection closed by invalid user fakeuser ::1 port 55910 [preauth]
May 08 09:37:39 kali sshd-session[27869]: PAM 2 more authentication failures; logname= uid=0 euid=0 tty=ssh ruser= rhost=::1
May 08 09:37:54 kali sshd-session[28157]: Accepted password for harsh from ::1 port 36022 ssh2
May 08 09:37:54 kali sshd-session[28157]: pam_unix(sshd:session): session opened for user harsh(uid=1000) by harsh(uid=0)
May 08 09:37:54 kali systemd-logind[556]: New session '12' of user 'harsh' with class 'user' and type 'tty'.
May 08 09:37:54 kali systemd[1]: Started session-12.scope - Session 12 of User harsh.
May 08 09:37:54 kali im-config[28252]: @ IM_CONFIG_ENTRY='profile' XDG_SESSION_TYPE ='tty' UID=1000 PID=28205 PPID=28204
May 08 09:37:54 kali im-config[28253]:   GTK_IM_MODULE='' QT_IM_MODULE='' CLUTTER_IM_MODULE='' SDL_IM_MODULE='' XMODIFIERS=''
May 08 09:37:54 kali im-config[28256]:   Set IM_CONFIG_CURRENT_DESKTOP <- 'UNDEFINED'
May 08 09:38:12 kali sudo[28503]:    harsh : TTY=pts/4 ; PWD=/home/harsh ; USER=root ; COMMAND=/usr/bin/su
May 08 09:38:12 kali sudo[28503]: pam_unix(sudo:session): session opened for user root(uid=0) by harsh(uid=1000)
May 08 09:38:12 kali su[28532]: (to root) root on pts/5
May 08 09:38:12 kali su[28532]: pam_unix(su:session): session opened for user root(uid=0) by harsh(uid=0)
May 08 09:38:16 kali sudo[28560]:     root : TTY=pts/5 ; PWD=/home/harsh ; USER=root ; COMMAND=/usr/bin/ls
May 08 09:38:16 kali sudo[28560]: pam_unix(sudo:session): session opened for user root(uid=0) by harsh(uid=0)
May 08 09:38:16 kali sudo[28560]: pam_unix(sudo:session): session closed for user root
